[MacBook-Air-3.local:90105] shmem: mmap: an error occurred while determining whether or not /var/folders/rv/5p0qf41n16q806fnfmhv2flh0000gn/T//ompi.MacBook-Air-3.501/jf.0/2680553472/sm_segment.MacBook-Air-3.501.9fc60000.0 could be created.
[MacBook-Air-3][[40902,0],0][btl_tcp_component.c:1021:mca_btl_tcp_component_create_listen] bind() failed: Operation not permitted (1)
 -----------------------------------------------------------------------------
 -----------------------------------------------------------------------------
 |         __  __ ____ ___        _    __  __ ______     ___    ____         |
 |        |  \/  |  _ \_ _|      / \  |  \/  |  _ \ \   / / \  / ___|        |
 |        | |\/| | |_) | |_____ / _ \ | |\/| | |_) \ \ / / _ \| |            |
 |        | |  | |  __/| |_____/ ___ \| |  | |  _ < \ V / ___ \ |___         |
 |        |_|  |_|_|  |___|   /_/   \_\_|  |_|_| \_\ \_/_/   \_\____|        |
 -----------------------------------------------------------------------------
 -----------------------------------------------------------------------------
 Reading analysis/amr_probe_dbg.par
 
 Output type | tsavestart |  dtsave   | ditsave | itsave(1) | tsave(1)
         log | 0.000E+00  | ********* |      1  |      0    | *********
      normal | 0.000E+00  | ********* | ******  |      0    | *********
       slice | 0.000E+00  | ********* | ******  | ******    | *********
   collapsed | 0.000E+00  | ********* | ******  | ******    | *********
    analysis | 0.000E+00  | ********* | ******  | ******    | *********
 
 Stretched dimension            1
 Using stretched grid with qs=   1.0160640000000001        1.0080000000000000        1.0039920318408906     
         and first cell sizes=   2.5810177198628318E-003   1.2853673903699362E-003   6.4140344369991462E-004
         Domain size (cells): 600 96 192 
                Level one dx: 0.317E-01 0.327E-01 0.327E-01 
           Refine estimation: Lohner's scheme
           restart_from_file:  undefined
                  converting: F

 Will apply pi-periodic conditions at northpole!
 Will apply pi-periodic conditions at southpole!
 qstretch level:   1.0080000000000000     
 MHD simulation initialized by amrvac PFSS model
   Initial Data Shape:            3         600          96         192
   Load Initial Magnetic field data from: ./initial/OFF_combined_lmax10_q1.008_nr600.bin                                                      
 First element before normalization:    3.3831248598263128     
 Last  element before normalization:    0.0000000000000000     
     min, max values of initial B (normalized):  -9.5941115325078119        15.413793539236206     
 PSW at            2 ghost layer
 Velocity at current layer  0.13836923218152214     
 number density at current layer  0.10069764586274095     
 p_ at current layer   4.0494527565628351     
 PSW at            1 ghost layer
 Velocity at current layer  0.13775241051873766     
 number density at current layer  0.10140732997965300     
 p_ at current layer   4.0794242059788006     
 number density at maxmal r   1.0407498042769070E-005
 velocity ar maxmal r   3.3407839425003476     
 Relax a solor wind model with politropic MHD
 User Tiso(MK):    2.0099999999999998     
 V_surface(unit_velocity):   0.13898225321845334     
 -------------------------------------------------------------------------------
 Startup phase took :            51.567 sec
 -------------------------------------------------------------------------------
 Start integrating, print status every  3.00E+01 seconds
   #        it        time          dt  wc-time(s)
   #         0  0.0000E+00  1.0000E-06  1.2346E+00
   #         1  1.0000E-06  0.0000E+00  7.3721E+01
 Total timeloop took        :       74.023 sec
 Time spent on AMR          :        2.269 sec
                  Percentage:         3.06 %
 Time spent on IO in loop   :        1.894 sec
                  Percentage:         2.56 %
 Time spent on ghost cells  :        3.125 sec
                  Percentage:         4.22 %
 Time spent on computing    :       66.735 sec
                  Percentage:        90.15 %
 Cells updated / proc / sec :    4.482E+05
 Total time spent on IO     :        3.484 sec
 Total timeintegration took :       75.613 sec
   #         1   1.000E-06   0.000E+00   7.402E+01
 -------------------------------------------------------------------------------
 Finished AMRVAC in :           127.180 sec
 -------------------------------------------------------------------------------
