[bogon:56004] shmem: mmap: an error occurred while determining whether or not /var/folders/rv/5p0qf41n16q806fnfmhv2flh0000gn/T//ompi.bogon.501/jf.0/686030848/sm_segment.bogon.501.28e40000.0 could be created.
[bogon][[10468,0],0][btl_tcp_component.c:1021:mca_btl_tcp_component_create_listen] bind() failed: Operation not permitted (1)
 -----------------------------------------------------------------------------
 -----------------------------------------------------------------------------
 |         __  __ ____ ___        _    __  __ ______     ___    ____         |
 |        |  \/  |  _ \_ _|      / \  |  \/  |  _ \ \   / / \  / ___|        |
 |        | |\/| | |_) | |_____ / _ \ | |\/| | |_) \ \ / / _ \| |            |
 |        | |  | |  __/| |_____/ ___ \| |  | |  _ < \ V / ___ \ |___         |
 |        |_|  |_|_|  |___|   /_/   \_\_|  |_|_| \_\ \_/_/   \_\____|        |
 -----------------------------------------------------------------------------
 -----------------------------------------------------------------------------
 Reading amrvac_smoke.par
 
 Output type | tsavestart |  dtsave   | ditsave | itsave(1) | tsave(1)
         log | 0.000E+00  | ********* |      1  |      0    | *********
      normal | 0.000E+00  | ********* | ******  |      0    | *********
       slice | 0.000E+00  | ********* | ******  | ******    | *********
   collapsed | 0.000E+00  | ********* | ******  | ******    | *********
    analysis | 0.000E+00  | ********* | ******  | ******    | *********
 
 Stretched dimension            1
 Using stretched grid with qs=   1.0160640000000001        1.0080000000000000        1.0039920318408906     
         and first cell sizes=   2.5810177198628318E-003   1.2853673903699362E-003   6.4140344369991462E-004
         Domain size (cells): 600 96 192 
                Level one dx: 0.317E-01 0.327E-01 0.327E-01 
           Refine estimation: Lohner's scheme
 Note, Grid is reconstructed once every           8 iterations
           restart_from_file:  ../off_2270/data/off0000.dat
                  converting: F

 Will apply pi-periodic conditions at northpole!
 Will apply pi-periodic conditions at southpole!
 qstretch level:   1.0080000000000000     
 MHD simulation initialized by amrvac PFSS model
   Initial Data Shape:            3         600          96         192
   Load Initial Magnetic field data from: ./initial/OFF_combined_lmax10_q1.008_nr600.bin                                                      
 First element before normalization:    3.3831248598263128     
 Last  element before normalization:    0.0000000000000000     
     min, max values of initial B (normalized):  -9.5941115325078119        15.413793539236206     
 PSW at            2 ghost layer
 Velocity at current layer   5.4003744877990763E-002
 number density at current layer  0.10087962659510180     
 p_ at current layer  0.20276804945615459     
 PSW at            1 ghost layer
 Velocity at current layer   5.3664862420587191E-002
 number density at current layer  0.10177638693138065     
 p_ at current layer  0.20457053773207509     
 number density at maxmal r   5.2399685049970424E-006
 velocity ar maxmal r   2.5943857192446362     
 nw=           8  and nw found in restart file=           9
 Please be aware of changes in w at restart.
 Relax a solor wind model with politropic MHD
 User Tiso(MK):    2.0099999999999998     
 V_surface(unit_velocity):    5.4341027082192989E-002
 -------------------------------------------------------------------------------
 Startup phase took :            11.671 sec
 -------------------------------------------------------------------------------
 Start integrating, print status every  3.00E+01 seconds
   #        it        time          dt  wc-time(s)
   #         0  0.0000E+00  6.9601E-06  1.8369E+00
   #         1  6.9601E-06  6.8863E-06  1.0938E+02
   #         2  1.3846E-05  6.7738E-06  2.9264E+02
   #         3  2.0620E-05  6.6431E-06  4.4200E+02
   #         4  2.7263E-05  6.4960E-06  5.8201E+02
   #         5  3.3759E-05  6.3443E-06  7.2734E+02
 Total timeloop took        :      727.657 sec
 Time spent on AMR          :        0.000 sec
                  Percentage:         0.00 %
 Time spent on IO in loop   :        3.112 sec
                  Percentage:         0.43 %
 Time spent on ghost cells  :       26.407 sec
                  Percentage:         3.63 %
 Time spent on computing    :      698.139 sec
                  Percentage:        95.94 %
 Cells updated / proc / sec :    4.031E+05
 Total time spent on IO     :        5.022 sec
 Total timeintegration took :      729.568 sec
   #         5   3.376E-05   6.344E-06   7.277E+02
 -------------------------------------------------------------------------------
 Finished AMRVAC in :           741.239 sec
 -------------------------------------------------------------------------------
