it global_time dt rho m1 m2 m3 e b1 b2 b3 c1 c2 n1 n2 | Xload Xmemory 'Cell_Updates /second/core' 'Active_Blocks/Core' 'Wct Per Code Time [s]' 'TimeToFinish [hrs]'
       0  0.00000000E+00  6.96005840E-06   3.28214675E-05  3.87486164E-05  0.00000000E+00  0.00000000E+00  1.31942299E-03  7.10122473E-03  2.76776396E-05  8.49172119E-07   8.15705758E-01  1.84294242E-01     1920    1920 |   0.00E+00  0.00E+00  0.00E+00  4.00E+00  2.71E+16  3.76E+13
       1  6.96005840E-06  6.88629302E-06   3.27963071E-05  3.88854713E-05  5.51477748E-09 -5.62093712E-10  1.31841125E-03  7.10117439E-03  2.76772278E-05  8.48868027E-07   8.15705758E-01  1.84294242E-01     1920    1920 |   0.00E+00  0.00E+00  1.46E+05  4.00E+00  6.10E+04  8.47E+01
       2  1.38463514E-05  6.77384705E-06   3.27712270E-05  3.90223589E-05  1.10153177E-08 -1.12328433E-09  1.31740273E-03  7.10112478E-03  2.76764641E-05  8.48521995E-07   8.15705758E-01  1.84294242E-01     1920    1920 |   0.00E+00  0.00E+00  1.64E+05  4.00E+00  5.53E+04  7.68E+01
       3  2.06201985E-05  6.64307451E-06   3.27462147E-05  3.91592743E-05  1.64992266E-08 -1.68537024E-09  1.31639694E-03  7.10107566E-03  2.76753524E-05  8.48128514E-07   8.15705758E-01  1.84294242E-01     1920    1920 |   0.00E+00  0.00E+00  1.64E+05  4.00E+00  5.62E+04  7.81E+01
       4  2.72632730E-05  6.49599639E-06   3.27212617E-05  3.92962199E-05  2.19642022E-08 -2.24977058E-09  1.31539353E-03  7.10102688E-03  2.76739005E-05  8.47691528E-07   8.15705758E-01  1.84294242E-01     1920    1920 |   0.00E+00  0.00E+00  1.95E+05  4.00E+00  4.86E+04  6.75E+01
       5  3.37592694E-05  6.34428179E-06   3.26963639E-05  3.94331930E-05  2.74077426E-08 -2.81692024E-09  1.31439235E-03  7.10097831E-03  2.76721142E-05  8.47211886E-07   8.15705758E-01  1.84294242E-01     1920    1920 |   0.00E+00  0.00E+00  1.78E+05  4.00E+00  5.44E+04  7.55E+01
       6  4.01035512E-05  6.18949480E-06   3.26715192E-05  3.95702085E-05  3.28302527E-08 -3.38481525E-09  1.31339330E-03  7.10092986E-03  2.76700004E-05  8.46686263E-07   8.15705758E-01  1.84294242E-01     1920    1920 |   0.00E+00  0.00E+00  2.31E+05  4.00E+00  4.30E+04  5.97E+01
       7  4.62930460E-05  6.05016527E-06   3.26467276E-05  3.97072863E-05  3.82315749E-08 -3.95271969E-09  1.31239639E-03  7.10088145E-03  2.76675623E-05  8.46109918E-07   8.15705758E-01  1.84294242E-01     1920    1920 |   0.00E+00  0.00E+00  1.26E+05  4.00E+00  8.07E+04  1.12E+02
       8  5.23432112E-05  5.26212917E-06   3.26219892E-05  3.98444323E-05  4.36111098E-08 -4.52172938E-09  1.31140163E-03  7.10083304E-03  2.76648024E-05  8.45480315E-07   7.92615491E-01  2.07384509E-01     1881    2232 |   0.00E+00  0.00E+00  5.40E+04  4.28E+00  2.32E+05  3.22E+02
       9  5.76053404E-05  5.38138369E-06   3.25973019E-05  3.99809887E-05  4.93788839E-08 -5.09502616E-09  1.31040895E-03  7.10078542E-03  2.76618708E-05  8.45033161E-07   7.92615491E-01  2.07384509E-01     1881    2232 |   0.00E+00  0.00E+00  1.49E+05  4.28E+00  8.20E+04  1.14E+02
      10  6.29867241E-05  5.53802709E-06   3.25726654E-05  4.01175846E-05  5.51229631E-08 -5.67190103E-09  1.30941831E-03  7.10073774E-03  2.76586064E-05  8.44491655E-07   7.92615491E-01  2.07384509E-01     1881    2232 |   0.00E+00  0.00E+00  2.09E+05  4.28E+00  5.67E+04  7.88E+01
      11  6.85247512E-05  5.72430692E-06   3.25480784E-05  4.02542134E-05  6.08432637E-08 -6.25179035E-09  1.30842965E-03  7.10068999E-03  2.76550112E-05  8.43858691E-07   7.92615491E-01  2.07384509E-01     1881    2232 |   0.00E+00  0.00E+00  2.28E+05  4.28E+00  5.05E+04  7.01E+01
      12  7.42490581E-05  5.71611501E-06   3.25235401E-05  4.03908685E-05  6.65399172E-08 -6.83431572E-09  1.30744293E-03  7.10064217E-03  2.76510878E-05  8.43135184E-07   7.92615491E-01  2.07384509E-01     1881    2232 |   0.00E+00  0.00E+00  2.19E+05  4.28E+00  5.27E+04  7.32E+01
      13  7.99651731E-05  5.72390991E-06   3.24990500E-05  4.05275681E-05  7.22130212E-08 -7.41926630E-09  1.30645814E-03  7.10059427E-03  2.76468384E-05  8.42321884E-07   7.92615491E-01  2.07384509E-01     1881    2232 |   0.00E+00  0.00E+00  2.44E+05  4.28E+00  4.72E+04  6.56E+01
      14  8.56890830E-05  5.71434697E-06   3.24746076E-05  4.06643058E-05  7.78627260E-08 -8.00659497E-09  1.30547526E-03  7.10054629E-03  2.76422652E-05  8.41418974E-07   7.92615491E-01  2.07384509E-01     1881    2232 |   0.00E+00  0.00E+00  1.90E+05  4.28E+00  6.06E+04  8.42E+01
      15  9.14034300E-05  5.62277302E-06   3.24502126E-05  4.08010791E-05  8.34891895E-08 -8.59623299E-09  1.30449430E-03  7.10049823E-03  2.76373700E-05  8.40426806E-07   7.92615491E-01  2.07384509E-01     1881    2232 |   0.00E+00  0.00E+00  2.06E+05  4.28E+00  5.67E+04  7.88E+01
      16  9.70262030E-05  4.92660728E-06   3.24258648E-05  4.09378929E-05  8.90925836E-08 -9.18805664E-09  1.30351523E-03  7.10045008E-03  2.76321545E-05  8.39345952E-07   7.67838727E-01  2.32161273E-01     1836    2592 |   0.00E+00  0.00E+00  7.07E+04  4.61E+00  2.03E+05  2.82E+02
      17  1.01952810E-04  5.03643870E-06   3.24018823E-05  4.10741495E-05  9.54460137E-08 -9.57690169E-09  1.30255088E-03  7.10040249E-03  2.76269695E-05  8.37739840E-07   7.67838727E-01  2.32161273E-01     1836    2592 |   0.00E+00  0.00E+00  1.81E+05  4.61E+00  7.78E+04  1.08E+02
      18  1.06989249E-04  5.18446095E-06   3.23779449E-05  4.12104219E-05  1.01769588E-07 -9.97315634E-09  1.30158833E-03  7.10035475E-03  2.76213395E-05  8.36167314E-07   7.67838727E-01  2.32161273E-01     1836    2592 |   0.00E+00  0.00E+00  1.77E+05  4.61E+00  7.70E+04  1.07E+02
      19  1.12173710E-04  5.34287768E-06   3.23540523E-05  4.13466942E-05  1.08065190E-07 -1.03740121E-08  1.30062758E-03  7.10030687E-03  2.76152861E-05  8.34634586E-07   7.67838727E-01  2.32161273E-01     1836    2592 |   0.00E+00  0.00E+00  1.57E+05  4.61E+00  8.44E+04  1.17E+02
      20  1.17516588E-04  5.34186101E-06   3.23302036E-05  4.14829599E-05  1.14334693E-07 -1.07780665E-08  1.29966858E-03  7.10025886E-03  2.76088213E-05  8.33144363E-07   7.67838727E-01  2.32161273E-01     1836    2592 |   0.00E+00  0.00E+00  2.10E+05  4.61E+00  6.31E+04  8.76E+01
      21  1.22858449E-04  5.31578056E-06   3.23063976E-05  4.16192385E-05  1.20579587E-07 -1.11848443E-08  1.29871130E-03  7.10021073E-03  2.76019513E-05  8.31699120E-07   7.67838727E-01  2.32161273E-01     1836    2592 |   0.00E+00  0.00E+00  2.40E+05  4.61E+00  5.55E+04  7.70E+01
      22  1.28174229E-04  5.30960371E-06   3.22826332E-05  4.17555362E-05  1.26800885E-07 -1.15941801E-08  1.29775569E-03  7.10016251E-03  2.75946786E-05  8.30299011E-07   7.67838727E-01  2.32161273E-01     1836    2592 |   0.00E+00  0.00E+00  1.98E+05  4.61E+00  6.74E+04  9.37E+01
      23  1.33483833E-04  5.30738264E-06   3.22589096E-05  4.18918500E-05  1.32999142E-07 -1.20059888E-08  1.29680172E-03  7.10011421E-03  2.75870037E-05  8.28944501E-07   7.67838727E-01  2.32161273E-01     1836    2592 |   0.00E+00  0.00E+00  2.66E+05  4.61E+00  5.03E+04  6.98E+01
      24  1.38791216E-04  4.67585870E-06   3.22352261E-05  4.20281766E-05  1.39173951E-07 -1.24204378E-08  1.29584936E-03  7.10006586E-03  2.75789285E-05  8.27634856E-07   7.48122404E-01  2.51877596E-01     1768    3136 |   0.00E+00  0.00E+00  5.98E+04  5.11E+00  2.81E+05  3.90E+02
      25  1.43467074E-04  4.77743310E-06   3.22116510E-05  4.21609535E-05  1.47154388E-07 -1.28987464E-08  1.29490139E-03  7.10001728E-03  2.75714167E-05  8.25960473E-07   7.48122404E-01  2.51877596E-01     1768    3136 |   0.00E+00  0.00E+00  1.70E+05  5.11E+00  9.68E+04  1.34E+02
      26  1.48244507E-04  4.91062262E-06   3.21881121E-05  4.22936453E-05  1.55111718E-07 -1.33724393E-08  1.29395488E-03  7.09996873E-03  2.75634561E-05  8.24322061E-07   7.48122404E-01  2.51877596E-01     1768    3136 |   0.00E+00  0.00E+00  2.16E+05  5.11E+00  7.39E+04  1.03E+02
      27  1.53155130E-04  5.07028280E-06   3.21646099E-05  4.24262750E-05  1.63042410E-07 -1.38425172E-08  1.29300983E-03  7.09992016E-03  2.75550364E-05  8.22745276E-07   7.48122404E-01  2.51877596E-01     1768    3136 |   0.00E+00  0.00E+00  2.41E+05  5.11E+00  6.41E+04  8.91E+01
      28  1.58225413E-04  5.11846199E-06   3.21411444E-05  4.25588580E-05  1.70945347E-07 -1.43097427E-08  1.29206626E-03  7.09987159E-03  2.75461559E-05  8.21246586E-07   7.48122404E-01  2.51877596E-01     1768    3136 |   0.00E+00  0.00E+00  2.51E+05  5.11E+00  6.12E+04  8.50E+01
      29  1.63343875E-04  5.12341649E-06   3.21177159E-05  4.26914156E-05  1.78820532E-07 -1.47746151E-08  1.29112417E-03  7.09982300E-03  2.75368176E-05  8.19831119E-07   7.48122404E-01  2.51877596E-01     1768    3136 |   0.00E+00  0.00E+00  2.26E+05  5.11E+00  6.78E+04  9.42E+01
      30  1.68467291E-04  8.33821911E-10   3.20944571E-05  4.28232033E-05  1.86726721E-07 -1.51985232E-08  1.29018894E-03  7.09977441E-03  2.75270244E-05  8.18498186E-07   7.48122404E-01  2.51877596E-01     1768    3136 |   0.00E+00  0.00E+00  2.34E+05  5.11E+00  4.02E+08  5.59E+05
      31  1.68468125E-04  1.51468413E-21   1.81668876E+00  1.91835086E+00  8.84209965E-01  1.86559216E+00  7.32070367E+01  7.09972356E-03  2.75014496E-05  8.02203202E-07   7.48122404E-01  2.51877596E-01     1768    3136 |   0.00E+00  0.00E+00  2.29E+05  5.11E+00  1.54E+15  2.14E+12
      31  1.68468125E-04  1.51468413E-21  -2.31281973E+09  5.21166121E+18 -1.16357206E+21 -2.87484992E+20 -9.32309949E+10  1.01900964E+21 -4.23756521E+23 -3.58519182E+22   7.48122404E-01  2.51877596E-01     1768    3136 |   0.00E+00  0.00E+00  0.00E+00  5.11E+00  1.41E+15  1.95E+12
